[editphotosforfree.com/photoapps/remove-background-from-image-online.html]
[pagead2.googlesyndication.com/pagead/js/f.txt]
[backblue.gif]
[fade.gif]
[index.html]
[editphotosforfree.com/_next/static/css/802b1aa64aae1ad39786.css]
[editphotosforfree.com/_next/static/chunks/webpack-aeb7f5b1a6cecf0b15cb.js]
[editphotosforfree.com/_next/static/chunks/framework-c93ed74a065331c4bd75.js]
[editphotosforfree.com/_next/static/chunks/main-0780dc073edca84dd826.js]
[editphotosforfree.com/_next/static/chunks/pages/_app-c50d24ff91390e89406a.js]
[editphotosforfree.com/_next/static/chunks/1bfc9850-3812fa3ef0d33438caf8.js]
[editphotosforfree.com/_next/static/chunks/647-bd3b4b3bb926cd3c3a92.js]
[editphotosforfree.com/_next/static/chunks/964-e207d44f42452386ffdc.js]
[editphotosforfree.com/_next/static/chunks/84-4935953261969dd1e139.js]
[editphotosforfree.com/_next/static/chunks/469-76c58cbee3fffcb0e7af.js]
[editphotosforfree.com/_next/static/chunks/502-bdd91c446437a32f4172.js]
[editphotosforfree.com/_next/static/chunks/889-1ab41495ad601c77053c.js]
[editphotosforfree.com/_next/static/chunks/pages/photoapps/remove-background-from-image-online-47b4e0e41b64f13966ba.js]
[editphotosforfree.com/photoapps/make-image-transparent.html]
[editphotosforfree.com/photoapps/online-photo-editor-and-collage-maker.html]
[editphotosforfree.com/photoapps/typography-maker.html]
[editphotosforfree.com/static/images/ai-background-removal.png]
[editphotosforfree.com/static/images/batch-photo-editing.png]
[editphotosforfree.com/static/images/cool-typography-maker.png]
[editphotosforfree.com/static/images/pro-photo-editor.png]
[editphotosforfree.com/_next/static/chunks/polyfills-eef578260fd80f8fff94.js]
[editphotosforfree.com/_next/static/dWH0Q1rphDrx7ui0GiCkM/_buildManifest.js]
[editphotosforfree.com/_next/static/dWH0Q1rphDrx7ui0GiCkM/_ssgManifest.js]
[editphotosforfree.com/photoapps/remove-background-from-image-online.html]
[editphotosforfree.com/_next/static/css/802b1aa64aae1ad39786.css]
[editphotosforfree.com/photoapps/make-image-transparent.html]
[editphotosforfree.com/_next/static/chunks/pages/photoapps/make-image-transparent-41fde8ea14f951d10fc1.js]
[editphotosforfree.com/_next/static/chunks/7f0c75c1-fa965b1b09fe4836f750.js]
[editphotosforfree.com/photoapps/online-photo-editor-and-collage-maker.html]
[editphotosforfree.com/_next/static/chunks/pages/photoapps/online-photo-editor-and-collage-maker-a9fb3279d532320f8a20.js]
[editphotosforfree.com/photoapps/typography-maker.html]
[editphotosforfree.com/_next/static/chunks/pages/photoapps/typography-maker-603922e5aa4076c36a70.js]
